ARM Linker, 4.1 [Build 481] [Standard]

==============================================================================

Section Cross References

    stm32f10x_vector.o(RESET) refers to stm32f10x_vector.o(STACK) for __initial_sp
    stm32f10x_vector.o(RESET) refers to stm32f10x_vector.o(.text) for Reset_Handler
    stm32f10x_vector.o(RESET) refers to stm32f10x_it.o(.text) for NMIException
    stm32f10x_vector.o(.text) refers to entry.o(.ARM.Collect$$$$00000000) for __main
    main.o(.text) refers to stm32f10x_gpio.o(.text) for GPIO_Init
    main.o(.text) refers to stm32f10x_nvic.o(.text) for NVIC_SetVectorTable
    main.o(.text) refers to stm32f10x_rcc.o(.text) for RCC_DeInit
    main.o(.text) refers to stm32f10x_flash.o(.text) for FLASH_PrefetchBufferCmd
    main.o(.text) refers to uart.o(.text) for USART_Configuration
    main.o(.text) refers to stm32f10x_usart.o(.text) for USART_SendData
    main.o(.text) refers to main.o(.data) for HSEStartUpStatus
    stm32f10x_it.o(.text) refers to stm32f10x_usart.o(.text) for USART_GetITStatus
    stm32f10x_it.o(.text) refers to uart.o(.text) for USART_SendByte
    uart.o(.text) refers to stm32f10x_usart.o(.text) for USART_SendData
    mpu6050.o(.text) refers to stm32f10x_i2c.o(.text) for I2C_GenerateSTART
    mpu6050.o(.text) refers to stm32f10x_rcc.o(.text) for RCC_APB1PeriphClockCmd
    mpu6050.o(.text) refers to stm32f10x_gpio.o(.text) for GPIO_Init
    stm32f10x_usart.o(.text) refers to stm32f10x_rcc.o(.text) for RCC_APB2PeriphResetCmd
    stm32f10x_rcc.o(.text) refers to stm32f10x_rcc.o(.data) for HSEStatus
    stm32f10x_rcc.o(.text) refers to stm32f10x_rcc.o(.constdata) for APBAHBPrescTable
    stm32f10x_gpio.o(.text) refers to stm32f10x_rcc.o(.text) for RCC_APB2PeriphResetCmd
    stm32f10x_nvic.o(.text) refers to cortexm3_macro.o(.text) for __SETPRIMASK
    stm32f10x_i2c.o(.text) refers to stm32f10x_rcc.o(.text) for RCC_APB1PeriphResetCmd
    entry.o(.ARM.Collect$$$$00000000) refers (Special) to entry7.o(.ARM.Collect$$$$00000007) for _main_init
    entry.o(.ARM.Collect$$$$00000000) refers (Special) to entry5.o(.ARM.Collect$$$$00000004) for _main_scatterload
    entry.o(.ARM.Collect$$$$00000000) refers (Special) to entry2.o(.ARM.Collect$$$$00000001) for _main_stk
    entry2.o(.ARM.Collect$$$$00000001) refers to entry2.o(.ARM.Collect$$$$00002712) for __lit__00000000
    entry2.o(.ARM.Collect$$$$00002712) refers to stm32f10x_vector.o(STACK) for __initial_sp
    entry2.o(__vectab_stack_and_reset_area) refers to stm32f10x_vector.o(STACK) for __initial_sp
    entry2.o(__vectab_stack_and_reset_area) refers to entry.o(.ARM.Collect$$$$00000000) for __main
    entry5.o(.ARM.Collect$$$$00000004) refers to init.o(.text) for __scatterload
    entry7.o(.ARM.Collect$$$$00000007) refers to main.o(.text) for main
    init.o(.text) refers to entry5.o(.ARM.Collect$$$$00000004) for __main_after_scatterload


==============================================================================

Removing Unused input sections from the image.

    Removing stm32f10x_vector.o(HEAP), (1024 bytes).
    Removing mpu6050.o(.text), (1092 bytes).
    Removing stm32f10x_i2c.o(.text), (1062 bytes).

3 unused section(s) (total 3178 bytes) removed from the image.

==============================================================================

Image Symbol Table

    Local Symbols

    Symbol Name                              Value     Ov Type        Size  Object(Section)

    ../../microlib/init/entry.s              0x00000000   Number         0  entry7.o ABSOLUTE
    ../../microlib/init/entry.s              0x00000000   Number         0  entry5.o ABSOLUTE
    ../../microlib/init/entry.s              0x00000000   Number         0  entry2.o ABSOLUTE
    ../../microlib/init/entry.s              0x00000000   Number         0  entry.o ABSOLUTE
    FWLib\src\stm32f10x_flash.c              0x00000000   Number         0  stm32f10x_flash.o ABSOLUTE
    FWLib\src\stm32f10x_gpio.c               0x00000000   Number         0  stm32f10x_gpio.o ABSOLUTE
    FWLib\src\stm32f10x_i2c.c                0x00000000   Number         0  stm32f10x_i2c.o ABSOLUTE
    FWLib\src\stm32f10x_nvic.c               0x00000000   Number         0  stm32f10x_nvic.o ABSOLUTE
    FWLib\src\stm32f10x_rcc.c                0x00000000   Number         0  stm32f10x_rcc.o ABSOLUTE
    FWLib\src\stm32f10x_usart.c              0x00000000   Number         0  stm32f10x_usart.o ABSOLUTE
    Source\MPU6050.c                         0x00000000   Number         0  mpu6050.o ABSOLUTE
    Source\main.c                            0x00000000   Number         0  main.o ABSOLUTE
    Source\stm32f10x_it.c                    0x00000000   Number         0  stm32f10x_it.o ABSOLUTE
    Source\uart.c                            0x00000000   Number         0  uart.o ABSOLUTE
    Startup\cortexm3_macro.s                 0x00000000   Number         0  cortexm3_macro.o ABSOLUTE
    Startup\stm32f10x_vector.s               0x00000000   Number         0  stm32f10x_vector.o ABSOLUTE
    dc.s                                     0x00000000   Number         0  dc.o ABSOLUTE
    handlers.s                               0x00000000   Number         0  handlers.o ABSOLUTE
    init.s                                   0x00000000   Number         0  init.o ABSOLUTE
    RESET                                    0x08000000   Section      304  stm32f10x_vector.o(RESET)
    .ARM.Collect$$$$00000000                 0x08000130   Section        0  entry.o(.ARM.Collect$$$$00000000)
    .ARM.Collect$$$$00000001                 0x08000130   Section        4  entry2.o(.ARM.Collect$$$$00000001)
    .ARM.Collect$$$$00000004                 0x08000134   Section        4  entry5.o(.ARM.Collect$$$$00000004)
    .ARM.Collect$$$$00000007                 0x08000138   Section        8  entry7.o(.ARM.Collect$$$$00000007)
    .ARM.Collect$$$$00002712                 0x08000140   Section        4  entry2.o(.ARM.Collect$$$$00002712)
    __lit__00000000                          0x08000140   Data           4  entry2.o(.ARM.Collect$$$$00002712)
    .text                                    0x08000144   Section      122  cortexm3_macro.o(.text)
    .text                                    0x080001c0   Section        8  stm32f10x_vector.o(.text)
    .text                                    0x080001c8   Section        0  main.o(.text)
    .text                                    0x080003c0   Section        0  stm32f10x_it.o(.text)
    .text                                    0x0800048c   Section        0  uart.o(.text)
    .text                                    0x0800055c   Section        0  stm32f10x_usart.o(.text)
    .text                                    0x080008d4   Section        0  stm32f10x_rcc.o(.text)
    .text                                    0x08000c8c   Section        0  stm32f10x_flash.o(.text)
    delay                                    0x08000d1b   Thumb Code    14  stm32f10x_flash.o(.text)
    .text                                    0x080011c0   Section        0  stm32f10x_gpio.o(.text)
    .text                                    0x080014e8   Section        0  stm32f10x_nvic.o(.text)
    .text                                    0x08001940   Section       36  init.o(.text)
    i.__scatterload_copy                     0x08001964   Section       14  handlers.o(i.__scatterload_copy)
    i.__scatterload_null                     0x08001972   Section        2  handlers.o(i.__scatterload_null)
    i.__scatterload_zeroinit                 0x08001974   Section       14  handlers.o(i.__scatterload_zeroinit)
    .constdata                               0x08001982   Section       20  stm32f10x_rcc.o(.constdata)
    APBAHBPrescTable                         0x08001982   Data          16  stm32f10x_rcc.o(.constdata)
    ADCPrescTable                            0x08001992   Data           4  stm32f10x_rcc.o(.constdata)
    .data                                    0x20000000   Section        8  main.o(.data)
    .data                                    0x20000008   Section        5  stm32f10x_rcc.o(.data)
    StartUpCounter                           0x20000008   Data           4  stm32f10x_rcc.o(.data)
    HSEStatus                                0x2000000c   Data           1  stm32f10x_rcc.o(.data)
    STACK                                    0x20000010   Section     1024  stm32f10x_vector.o(STACK)

    Global Symbols

    Symbol Name                              Value     Ov Type        Size  Object(Section)

    BuildAttributes$$THM_ISAv4$P$D$K$B$S$PE$A:L22UL41UL21$X:L11$S22US41US21$IEEE1$IW$USESV6$~STKCKD$USESV7$~SHL$OSPACE$EBA8$MICROLIB$REQ8$PRES8$EABIv2 0x00000000   Number         0  anon$$obj.o ABSOLUTE
    __ARM_use_no_argv                        0x00000000   Number         0  main.o ABSOLUTE
    __decompress                              - Undefined Weak Reference
    __Vectors                                0x08000000   Data           4  stm32f10x_vector.o(RESET)
    __main                                   0x08000131   Thumb Code     0  entry.o(.ARM.Collect$$$$00000000)
    _main_stk                                0x08000131   Thumb Code     0  entry2.o(.ARM.Collect$$$$00000001)
    _main_scatterload                        0x08000135   Thumb Code     0  entry5.o(.ARM.Collect$$$$00000004)
    __main_after_scatterload                 0x08000139   Thumb Code     0  entry5.o(.ARM.Collect$$$$00000004)
    _main_init                               0x08000139   Thumb Code     0  entry7.o(.ARM.Collect$$$$00000007)
    __WFI                                    0x08000145   Thumb Code     0  cortexm3_macro.o(.text)
    __WFE                                    0x08000149   Thumb Code     0  cortexm3_macro.o(.text)
    __SEV                                    0x0800014d   Thumb Code     0  cortexm3_macro.o(.text)
    __ISB                                    0x08000151   Thumb Code     0  cortexm3_macro.o(.text)
    __DSB                                    0x08000157   Thumb Code     0  cortexm3_macro.o(.text)
    __DMB                                    0x0800015d   Thumb Code     0  cortexm3_macro.o(.text)
    __SVC                                    0x08000163   Thumb Code     0  cortexm3_macro.o(.text)
    __MRS_CONTROL                            0x08000167   Thumb Code     0  cortexm3_macro.o(.text)
    __MSR_CONTROL                            0x0800016d   Thumb Code     0  cortexm3_macro.o(.text)
    __MRS_PSP                                0x08000177   Thumb Code     0  cortexm3_macro.o(.text)
    __MSR_PSP                                0x0800017d   Thumb Code     0  cortexm3_macro.o(.text)
    __MRS_MSP                                0x08000183   Thumb Code     0  cortexm3_macro.o(.text)
    __MSR_MSP                                0x08000189   Thumb Code     0  cortexm3_macro.o(.text)
    __RESETPRIMASK                           0x0800018f   Thumb Code     0  cortexm3_macro.o(.text)
    __SETPRIMASK                             0x08000193   Thumb Code     0  cortexm3_macro.o(.text)
    __READ_PRIMASK                           0x08000197   Thumb Code     0  cortexm3_macro.o(.text)
    __SETFAULTMASK                           0x0800019d   Thumb Code     0  cortexm3_macro.o(.text)
    __RESETFAULTMASK                         0x080001a1   Thumb Code     0  cortexm3_macro.o(.text)
    __READ_FAULTMASK                         0x080001a5   Thumb Code     0  cortexm3_macro.o(.text)
    __BASEPRICONFIG                          0x080001ab   Thumb Code     0  cortexm3_macro.o(.text)
    __GetBASEPRI                             0x080001b1   Thumb Code     0  cortexm3_macro.o(.text)
    __REV_HalfWord                           0x080001b7   Thumb Code     0  cortexm3_macro.o(.text)
    __REV_Word                               0x080001bb   Thumb Code     0  cortexm3_macro.o(.text)
    Reset_Handler                            0x080001c1   Thumb Code     4  stm32f10x_vector.o(.text)
    delay_ms                                 0x080001c9   Thumb Code    32  main.o(.text)
    Regular_GPIO_Configuration               0x080001e9   Thumb Code    24  main.o(.text)
    USART_GPIO_Configuration                 0x08000201   Thumb Code   100  main.o(.text)
    GPIO_Configuration                       0x08000265   Thumb Code    12  main.o(.text)
    NVIC_Configuration                       0x08000271   Thumb Code    50  main.o(.text)
    RCC_Configuration                        0x080002a3   Thumb Code   142  main.o(.text)
    main                                     0x08000331   Thumb Code    66  main.o(.text)
    fputc                                    0x08000373   Thumb Code    32  main.o(.text)
    NMIException                             0x080003c1   Thumb Code     2  stm32f10x_it.o(.text)
    HardFaultException                       0x080003c3   Thumb Code     4  stm32f10x_it.o(.text)
    MemManageException                       0x080003c7   Thumb Code     4  stm32f10x_it.o(.text)
    BusFaultException                        0x080003cb   Thumb Code     4  stm32f10x_it.o(.text)
    UsageFaultException                      0x080003cf   Thumb Code     4  stm32f10x_it.o(.text)
    DebugMonitor                             0x080003d3   Thumb Code     2  stm32f10x_it.o(.text)
    SVCHandler                               0x080003d5   Thumb Code     2  stm32f10x_it.o(.text)
    PendSVC                                  0x080003d7   Thumb Code     2  stm32f10x_it.o(.text)
    SysTickHandler                           0x080003d9   Thumb Code     2  stm32f10x_it.o(.text)
    WWDG_IRQHandler                          0x080003db   Thumb Code     2  stm32f10x_it.o(.text)
    PVD_IRQHandler                           0x080003dd   Thumb Code     2  stm32f10x_it.o(.text)
    TAMPER_IRQHandler                        0x080003df   Thumb Code     2  stm32f10x_it.o(.text)
    RTC_IRQHandler                           0x080003e1   Thumb Code     2  stm32f10x_it.o(.text)
    FLASH_IRQHandler                         0x080003e3   Thumb Code     2  stm32f10x_it.o(.text)
    RCC_IRQHandler                           0x080003e5   Thumb Code     2  stm32f10x_it.o(.text)
    EXTI0_IRQHandler                         0x080003e7   Thumb Code     2  stm32f10x_it.o(.text)
    EXTI1_IRQHandler                         0x080003e9   Thumb Code     2  stm32f10x_it.o(.text)
    EXTI2_IRQHandler                         0x080003eb   Thumb Code     2  stm32f10x_it.o(.text)
    EXTI3_IRQHandler                         0x080003ed   Thumb Code     2  stm32f10x_it.o(.text)
    EXTI4_IRQHandler                         0x080003ef   Thumb Code     2  stm32f10x_it.o(.text)
    DMA1_Channel1_IRQHandler                 0x080003f1   Thumb Code     2  stm32f10x_it.o(.text)
    DMA1_Channel2_IRQHandler                 0x080003f3   Thumb Code     2  stm32f10x_it.o(.text)
    DMA1_Channel3_IRQHandler                 0x080003f5   Thumb Code     2  stm32f10x_it.o(.text)
    DMA1_Channel4_IRQHandler                 0x080003f7   Thumb Code     2  stm32f10x_it.o(.text)
    DMA1_Channel5_IRQHandler                 0x080003f9   Thumb Code     2  stm32f10x_it.o(.text)
    DMA1_Channel6_IRQHandler                 0x080003fb   Thumb Code     2  stm32f10x_it.o(.text)
    DMA1_Channel7_IRQHandler                 0x080003fd   Thumb Code     2  stm32f10x_it.o(.text)
    ADC1_2_IRQHandler                        0x080003ff   Thumb Code     2  stm32f10x_it.o(.text)
    USB_HP_CAN_TX_IRQHandler                 0x08000401   Thumb Code     2  stm32f10x_it.o(.text)
    USB_LP_CAN_RX0_IRQHandler                0x08000403   Thumb Code     2  stm32f10x_it.o(.text)
    CAN_RX1_IRQHandler                       0x08000405   Thumb Code     2  stm32f10x_it.o(.text)
    CAN_SCE_IRQHandler                       0x08000407   Thumb Code     2  stm32f10x_it.o(.text)
    EXTI9_5_IRQHandler                       0x08000409   Thumb Code     2  stm32f10x_it.o(.text)
    TIM1_BRK_IRQHandler                      0x0800040b   Thumb Code     2  stm32f10x_it.o(.text)
    TIM1_UP_IRQHandler                       0x0800040d   Thumb Code     2  stm32f10x_it.o(.text)
    TIM1_TRG_COM_IRQHandler                  0x0800040f   Thumb Code     2  stm32f10x_it.o(.text)
    TIM1_CC_IRQHandler                       0x08000411   Thumb Code     2  stm32f10x_it.o(.text)
    TIM2_IRQHandler                          0x08000413   Thumb Code     2  stm32f10x_it.o(.text)
    TIM3_IRQHandler                          0x08000415   Thumb Code     2  stm32f10x_it.o(.text)
    TIM4_IRQHandler                          0x08000417   Thumb Code     2  stm32f10x_it.o(.text)
    I2C1_EV_IRQHandler                       0x08000419   Thumb Code     2  stm32f10x_it.o(.text)
    I2C1_ER_IRQHandler                       0x0800041b   Thumb Code     2  stm32f10x_it.o(.text)
    I2C2_EV_IRQHandler                       0x0800041d   Thumb Code     2  stm32f10x_it.o(.text)
    I2C2_ER_IRQHandler                       0x0800041f   Thumb Code     2  stm32f10x_it.o(.text)
    SPI1_IRQHandler                          0x08000421   Thumb Code     2  stm32f10x_it.o(.text)
    SPI2_IRQHandler                          0x08000423   Thumb Code     2  stm32f10x_it.o(.text)
    USART1_IRQHandler                        0x08000425   Thumb Code    38  stm32f10x_it.o(.text)
    USART2_IRQHandler                        0x0800044b   Thumb Code     2  stm32f10x_it.o(.text)
    USART3_IRQHandler                        0x0800044d   Thumb Code     2  stm32f10x_it.o(.text)
    EXTI15_10_IRQHandler                     0x0800044f   Thumb Code     2  stm32f10x_it.o(.text)
    RTCAlarm_IRQHandler                      0x08000451   Thumb Code     2  stm32f10x_it.o(.text)
    USBWakeUp_IRQHandler                     0x08000453   Thumb Code     2  stm32f10x_it.o(.text)
    TIM8_BRK_IRQHandler                      0x08000455   Thumb Code     2  stm32f10x_it.o(.text)
    TIM8_UP_IRQHandler                       0x08000457   Thumb Code     2  stm32f10x_it.o(.text)
    TIM8_TRG_COM_IRQHandler                  0x08000459   Thumb Code     2  stm32f10x_it.o(.text)
    TIM8_CC_IRQHandler                       0x0800045b   Thumb Code     2  stm32f10x_it.o(.text)
    ADC3_IRQHandler                          0x0800045d   Thumb Code     2  stm32f10x_it.o(.text)
    FSMC_IRQHandler                          0x0800045f   Thumb Code     2  stm32f10x_it.o(.text)
    SDIO_IRQHandler                          0x08000461   Thumb Code     2  stm32f10x_it.o(.text)
    TIM5_IRQHandler                          0x08000463   Thumb Code     2  stm32f10x_it.o(.text)
    SPI3_IRQHandler                          0x08000465   Thumb Code     2  stm32f10x_it.o(.text)
    UART4_IRQHandler                         0x08000467   Thumb Code     2  stm32f10x_it.o(.text)
    UART5_IRQHandler                         0x08000469   Thumb Code     2  stm32f10x_it.o(.text)
    TIM6_IRQHandler                          0x0800046b   Thumb Code     2  stm32f10x_it.o(.text)
    TIM7_IRQHandler                          0x0800046d   Thumb Code     2  stm32f10x_it.o(.text)
    DMA2_Channel1_IRQHandler                 0x0800046f   Thumb Code     2  stm32f10x_it.o(.text)
    DMA2_Channel2_IRQHandler                 0x08000471   Thumb Code     2  stm32f10x_it.o(.text)
    DMA2_Channel3_IRQHandler                 0x08000473   Thumb Code     2  stm32f10x_it.o(.text)
    DMA2_Channel4_5_IRQHandler               0x08000475   Thumb Code     2  stm32f10x_it.o(.text)
    USART_SendByte                           0x0800048d   Thumb Code    30  uart.o(.text)
    USART_Send_Str                           0x080004ab   Thumb Code    44  uart.o(.text)
    USART_Configuration                      0x080004d7   Thumb Code   124  uart.o(.text)
    USART_DeInit                             0x0800055d   Thumb Code   146  stm32f10x_usart.o(.text)
    USART_Init                               0x080005ef   Thumb Code   150  stm32f10x_usart.o(.text)
    USART_StructInit                         0x08000685   Thumb Code    24  stm32f10x_usart.o(.text)
    USART_ClockInit                          0x0800069d   Thumb Code    34  stm32f10x_usart.o(.text)
    USART_ClockStructInit                    0x080006bf   Thumb Code    12  stm32f10x_usart.o(.text)
    USART_Cmd                                0x080006cb   Thumb Code    24  stm32f10x_usart.o(.text)
    USART_ITConfig                           0x080006e3   Thumb Code    64  stm32f10x_usart.o(.text)
    USART_DMACmd                             0x08000723   Thumb Code    24  stm32f10x_usart.o(.text)
    USART_SetAddress                         0x0800073b   Thumb Code    18  stm32f10x_usart.o(.text)
    USART_WakeUpConfig                       0x0800074d   Thumb Code    18  stm32f10x_usart.o(.text)
    USART_ReceiverWakeUpCmd                  0x0800075f   Thumb Code    24  stm32f10x_usart.o(.text)
    USART_LINBreakDetectLengthConfig         0x08000777   Thumb Code    18  stm32f10x_usart.o(.text)
    USART_LINCmd                             0x08000789   Thumb Code    24  stm32f10x_usart.o(.text)
    USART_SendData                           0x080007a1   Thumb Code     8  stm32f10x_usart.o(.text)
    USART_ReceiveData                        0x080007a9   Thumb Code    10  stm32f10x_usart.o(.text)
    USART_SendBreak                          0x080007b3   Thumb Code    10  stm32f10x_usart.o(.text)
    USART_SetGuardTime                       0x080007bd   Thumb Code    16  stm32f10x_usart.o(.text)
    USART_SetPrescaler                       0x080007cd   Thumb Code    16  stm32f10x_usart.o(.text)
    USART_SmartCardCmd                       0x080007dd   Thumb Code    24  stm32f10x_usart.o(.text)
    USART_SmartCardNACKCmd                   0x080007f5   Thumb Code    24  stm32f10x_usart.o(.text)
    USART_HalfDuplexCmd                      0x0800080d   Thumb Code    24  stm32f10x_usart.o(.text)
    USART_IrDAConfig                         0x08000825   Thumb Code    18  stm32f10x_usart.o(.text)
    USART_IrDACmd                            0x08000837   Thumb Code    24  stm32f10x_usart.o(.text)
    USART_GetFlagStatus                      0x0800084f   Thumb Code    18  stm32f10x_usart.o(.text)
    USART_ClearFlag                          0x08000861   Thumb Code     6  stm32f10x_usart.o(.text)
    USART_GetITStatus                        0x08000867   Thumb Code    76  stm32f10x_usart.o(.text)
    USART_ClearITPendingBit                  0x080008b3   Thumb Code    20  stm32f10x_usart.o(.text)
    RCC_DeInit                               0x080008d5   Thumb Code    62  stm32f10x_rcc.o(.text)
    RCC_HSEConfig                            0x08000913   Thumb Code    70  stm32f10x_rcc.o(.text)
    RCC_GetFlagStatus                        0x08000959   Thumb Code    56  stm32f10x_rcc.o(.text)
    RCC_WaitForHSEStartUp                    0x08000991   Thumb Code    62  stm32f10x_rcc.o(.text)
    RCC_AdjustHSICalibrationValue            0x080009cf   Thumb Code    20  stm32f10x_rcc.o(.text)
    RCC_HSICmd                               0x080009e3   Thumb Code     6  stm32f10x_rcc.o(.text)
    RCC_PLLConfig                            0x080009e9   Thumb Code    24  stm32f10x_rcc.o(.text)
    RCC_PLLCmd                               0x08000a01   Thumb Code     6  stm32f10x_rcc.o(.text)
    RCC_SYSCLKConfig                         0x08000a07   Thumb Code    18  stm32f10x_rcc.o(.text)
    RCC_GetSYSCLKSource                      0x08000a19   Thumb Code    10  stm32f10x_rcc.o(.text)
    RCC_HCLKConfig                           0x08000a23   Thumb Code    18  stm32f10x_rcc.o(.text)
    RCC_PCLK1Config                          0x08000a35   Thumb Code    18  stm32f10x_rcc.o(.text)
    RCC_PCLK2Config                          0x08000a47   Thumb Code    20  stm32f10x_rcc.o(.text)
    RCC_ITConfig                             0x08000a5b   Thumb Code    30  stm32f10x_rcc.o(.text)
    RCC_USBCLKConfig                         0x08000a79   Thumb Code     6  stm32f10x_rcc.o(.text)
    RCC_ADCCLKConfig                         0x08000a7f   Thumb Code    18  stm32f10x_rcc.o(.text)
    RCC_LSEConfig                            0x08000a91   Thumb Code    44  stm32f10x_rcc.o(.text)
    RCC_LSICmd                               0x08000abd   Thumb Code     6  stm32f10x_rcc.o(.text)
    RCC_RTCCLKConfig                         0x08000ac3   Thumb Code    12  stm32f10x_rcc.o(.text)
    RCC_RTCCLKCmd                            0x08000acf   Thumb Code     6  stm32f10x_rcc.o(.text)
    RCC_GetClocksFreq                        0x08000ad5   Thumb Code   192  stm32f10x_rcc.o(.text)
    RCC_AHBPeriphClockCmd                    0x08000b95   Thumb Code    26  stm32f10x_rcc.o(.text)
    RCC_APB2PeriphClockCmd                   0x08000baf   Thumb Code    26  stm32f10x_rcc.o(.text)
    RCC_APB1PeriphClockCmd                   0x08000bc9   Thumb Code    26  stm32f10x_rcc.o(.text)
    RCC_APB2PeriphResetCmd                   0x08000be3   Thumb Code    26  stm32f10x_rcc.o(.text)
    RCC_APB1PeriphResetCmd                   0x08000bfd   Thumb Code    26  stm32f10x_rcc.o(.text)
    RCC_BackupResetCmd                       0x08000c17   Thumb Code     6  stm32f10x_rcc.o(.text)
    RCC_ClockSecuritySystemCmd               0x08000c1d   Thumb Code     6  stm32f10x_rcc.o(.text)
    RCC_MCOConfig                            0x08000c23   Thumb Code     6  stm32f10x_rcc.o(.text)
    RCC_ClearFlag                            0x08000c29   Thumb Code    14  stm32f10x_rcc.o(.text)
    RCC_GetITStatus                          0x08000c37   Thumb Code    20  stm32f10x_rcc.o(.text)
    RCC_ClearITPendingBit                    0x08000c4b   Thumb Code     6  stm32f10x_rcc.o(.text)
    FLASH_SetLatency                         0x08000c8d   Thumb Code    22  stm32f10x_flash.o(.text)
    FLASH_HalfCycleAccessCmd                 0x08000ca3   Thumb Code    22  stm32f10x_flash.o(.text)
    FLASH_PrefetchBufferCmd                  0x08000cb9   Thumb Code    22  stm32f10x_flash.o(.text)
    FLASH_Unlock                             0x08000ccf   Thumb Code    12  stm32f10x_flash.o(.text)
    FLASH_Lock                               0x08000cdb   Thumb Code    14  stm32f10x_flash.o(.text)
    FLASH_GetStatus                          0x08000ce9   Thumb Code    50  stm32f10x_flash.o(.text)
    FLASH_WaitForLastOperation               0x08000d29   Thumb Code    42  stm32f10x_flash.o(.text)
    FLASH_ErasePage                          0x08000d53   Thumb Code    76  stm32f10x_flash.o(.text)
    FLASH_EraseAllPages                      0x08000d9f   Thumb Code    72  stm32f10x_flash.o(.text)
    FLASH_EraseOptionBytes                   0x08000de7   Thumb Code   144  stm32f10x_flash.o(.text)
    FLASH_ProgramWord                        0x08000e77   Thumb Code   100  stm32f10x_flash.o(.text)
    FLASH_ProgramHalfWord                    0x08000edb   Thumb Code    64  stm32f10x_flash.o(.text)
    FLASH_ProgramOptionByteData              0x08000f1b   Thumb Code    72  stm32f10x_flash.o(.text)
    FLASH_EnableWriteProtection              0x08000f63   Thumb Code   178  stm32f10x_flash.o(.text)
    FLASH_ReadOutProtection                  0x08001015   Thumb Code   186  stm32f10x_flash.o(.text)
    FLASH_UserOptionByteConfig               0x080010cf   Thumb Code    94  stm32f10x_flash.o(.text)
    FLASH_GetUserOptionByte                  0x0800112d   Thumb Code     8  stm32f10x_flash.o(.text)
    FLASH_GetWriteProtectionOptionByte       0x08001135   Thumb Code     6  stm32f10x_flash.o(.text)
    FLASH_GetReadOutProtectionStatus         0x0800113b   Thumb Code    20  stm32f10x_flash.o(.text)
    FLASH_GetPrefetchBufferStatus            0x0800114f   Thumb Code    20  stm32f10x_flash.o(.text)
    FLASH_ITConfig                           0x08001163   Thumb Code    26  stm32f10x_flash.o(.text)
    FLASH_GetFlagStatus                      0x0800117d   Thumb Code    42  stm32f10x_flash.o(.text)
    FLASH_ClearFlag                          0x080011a7   Thumb Code     6  stm32f10x_flash.o(.text)
    GPIO_DeInit                              0x080011c1   Thumb Code   188  stm32f10x_gpio.o(.text)
    GPIO_AFIODeInit                          0x0800127d   Thumb Code    20  stm32f10x_gpio.o(.text)
    GPIO_Init                                0x08001291   Thumb Code   272  stm32f10x_gpio.o(.text)
    GPIO_StructInit                          0x080013a1   Thumb Code    16  stm32f10x_gpio.o(.text)
    GPIO_ReadInputDataBit                    0x080013b1   Thumb Code    18  stm32f10x_gpio.o(.text)
    GPIO_ReadInputData                       0x080013c3   Thumb Code     8  stm32f10x_gpio.o(.text)
    GPIO_ReadOutputDataBit                   0x080013cb   Thumb Code    18  stm32f10x_gpio.o(.text)
    GPIO_ReadOutputData                      0x080013dd   Thumb Code     8  stm32f10x_gpio.o(.text)
    GPIO_SetBits                             0x080013e5   Thumb Code     4  stm32f10x_gpio.o(.text)
    GPIO_ResetBits                           0x080013e9   Thumb Code     4  stm32f10x_gpio.o(.text)
    GPIO_WriteBit                            0x080013ed   Thumb Code    10  stm32f10x_gpio.o(.text)
    GPIO_Write                               0x080013f7   Thumb Code     4  stm32f10x_gpio.o(.text)
    GPIO_PinLockConfig                       0x080013fb   Thumb Code    18  stm32f10x_gpio.o(.text)
    GPIO_EventOutputConfig                   0x0800140d   Thumb Code    26  stm32f10x_gpio.o(.text)
    GPIO_EventOutputCmd                      0x08001427   Thumb Code     6  stm32f10x_gpio.o(.text)
    GPIO_PinRemapConfig                      0x0800142d   Thumb Code   106  stm32f10x_gpio.o(.text)
    GPIO_EXTILineConfig                      0x08001497   Thumb Code    66  stm32f10x_gpio.o(.text)
    NVIC_DeInit                              0x080014e9   Thumb Code    58  stm32f10x_nvic.o(.text)
    NVIC_SCBDeInit                           0x08001523   Thumb Code    92  stm32f10x_nvic.o(.text)
    NVIC_PriorityGroupConfig                 0x0800157f   Thumb Code    10  stm32f10x_nvic.o(.text)
    NVIC_Init                                0x08001589   Thumb Code   192  stm32f10x_nvic.o(.text)
    NVIC_StructInit                          0x08001649   Thumb Code    12  stm32f10x_nvic.o(.text)
    NVIC_SETPRIMASK                          0x08001655   Thumb Code     8  stm32f10x_nvic.o(.text)
    NVIC_RESETPRIMASK                        0x0800165d   Thumb Code     8  stm32f10x_nvic.o(.text)
    NVIC_SETFAULTMASK                        0x08001665   Thumb Code     8  stm32f10x_nvic.o(.text)
    NVIC_RESETFAULTMASK                      0x0800166d   Thumb Code     8  stm32f10x_nvic.o(.text)
    NVIC_BASEPRICONFIG                       0x08001675   Thumb Code    12  stm32f10x_nvic.o(.text)
    NVIC_GetBASEPRI                          0x08001681   Thumb Code     8  stm32f10x_nvic.o(.text)
    NVIC_GetCurrentPendingIRQChannel         0x08001689   Thumb Code    10  stm32f10x_nvic.o(.text)
    NVIC_GetIRQChannelPendingBitStatus       0x08001693   Thumb Code    42  stm32f10x_nvic.o(.text)
    NVIC_SetIRQChannelPendingBit             0x080016bd   Thumb Code     6  stm32f10x_nvic.o(.text)
    NVIC_ClearIRQChannelPendingBit           0x080016c3   Thumb Code    20  stm32f10x_nvic.o(.text)
    NVIC_GetCurrentActiveHandler             0x080016d7   Thumb Code    10  stm32f10x_nvic.o(.text)
    NVIC_GetIRQChannelActiveBitStatus        0x080016e1   Thumb Code    42  stm32f10x_nvic.o(.text)
    NVIC_GetCPUID                            0x0800170b   Thumb Code     6  stm32f10x_nvic.o(.text)
    NVIC_SetVectorTable                      0x08001711   Thumb Code    12  stm32f10x_nvic.o(.text)
    NVIC_GenerateSystemReset                 0x0800171d   Thumb Code    10  stm32f10x_nvic.o(.text)
    NVIC_GenerateCoreReset                   0x08001727   Thumb Code    10  stm32f10x_nvic.o(.text)
    NVIC_SystemLPConfig                      0x08001731   Thumb Code    38  stm32f10x_nvic.o(.text)
    NVIC_SystemHandlerConfig                 0x08001757   Thumb Code    52  stm32f10x_nvic.o(.text)
    NVIC_SystemHandlerPriorityConfig         0x0800178b   Thumb Code   122  stm32f10x_nvic.o(.text)
    NVIC_GetSystemHandlerPendingBitStatus    0x08001805   Thumb Code    42  stm32f10x_nvic.o(.text)
    NVIC_SetSystemHandlerPendingBit          0x0800182f   Thumb Code    32  stm32f10x_nvic.o(.text)
    NVIC_ClearSystemHandlerPendingBit        0x0800184f   Thumb Code    38  stm32f10x_nvic.o(.text)
    NVIC_GetSystemHandlerActiveBitStatus     0x08001875   Thumb Code    40  stm32f10x_nvic.o(.text)
    NVIC_GetFaultHandlerSources              0x0800189d   Thumb Code   126  stm32f10x_nvic.o(.text)
    NVIC_GetFaultAddress                     0x0800191b   Thumb Code    24  stm32f10x_nvic.o(.text)
    __scatterload                            0x08001941   Thumb Code    28  init.o(.text)
    __scatterload_rt2                        0x08001941   Thumb Code     0  init.o(.text)
    __scatterload_copy                       0x08001965   Thumb Code    14  handlers.o(i.__scatterload_copy)
    __scatterload_null                       0x08001973   Thumb Code     2  handlers.o(i.__scatterload_null)
    __scatterload_zeroinit                   0x08001975   Thumb Code    14  handlers.o(i.__scatterload_zeroinit)
    Region$$Table$$Base                      0x08001998   Number         0  anon$$obj.o(Region$$Table)
    Region$$Table$$Limit                     0x080019b8   Number         0  anon$$obj.o(Region$$Table)
    prevStatus                               0x20000000   Data           1  main.o(.data)
    HSEStartUpStatus                         0x20000001   Data           1  main.o(.data)
    AccelArray                               0x20000002   Data           6  main.o(.data)
    __initial_sp                             0x20000410   Data           0  stm32f10x_vector.o(STACK)



==============================================================================

Memory Map of the image

  Image Entry point : 0x08000131

  Load Region LR_IROM1 (Base: 0x08000000, Size: 0x000019c8, Max: 0x00080000, ABSOLUTE)

    Execution Region ER_IROM1 (Base: 0x08000000, Size: 0x000019b8, Max: 0x00080000, ABSOLUTE)

    Base Addr    Size         Type   Attr      Idx    E Section Name        Object

    0x08000000   0x00000130   Data   RO            8    RESET               stm32f10x_vector.o
    0x08000130   0x00000000   Code   RO          243  * .ARM.Collect$$$$00000000  mc_w.l(entry.o)(mc_w.l)
    0x08000130   0x00000004   Code   RO          246    .ARM.Collect$$$$00000001  mc_w.l(entry2.o)(mc_w.l)
    0x08000134   0x00000004   Code   RO          249    .ARM.Collect$$$$00000004  mc_w.l(entry5.o)(mc_w.l)
    0x08000138   0x00000008   Code   RO          250    .ARM.Collect$$$$00000007  mc_w.l(entry7.o)(mc_w.l)
    0x08000140   0x00000004   Code   RO          247    .ARM.Collect$$$$00002712  mc_w.l(entry2.o)(mc_w.l)
    0x08000144   0x0000007a   Code   RO            1    .text               cortexm3_macro.o
    0x080001be   0x00000002   PAD
    0x080001c0   0x00000008   Code   RO            9    .text               stm32f10x_vector.o
    0x080001c8   0x000001f8   Code   RO           13    .text               main.o
    0x080003c0   0x000000cc   Code   RO          129    .text               stm32f10x_it.o
    0x0800048c   0x000000d0   Code   RO          144    .text               uart.o
    0x0800055c   0x00000378   Code   RO          168    .text               stm32f10x_usart.o
    0x080008d4   0x000003b8   Code   RO          180    .text               stm32f10x_rcc.o
    0x08000c8c   0x00000534   Code   RO          195    .text               stm32f10x_flash.o
    0x080011c0   0x00000328   Code   RO          207    .text               stm32f10x_gpio.o
    0x080014e8   0x00000458   Code   RO          219    .text               stm32f10x_nvic.o
    0x08001940   0x00000024   Code   RO          251    .text               mc_w.l(init.o)(mc_w.l)
    0x08001964   0x0000000e   Code   RO          255    i.__scatterload_copy  mc_w.l(handlers.o)(mc_w.l)
    0x08001972   0x00000002   Code   RO          256    i.__scatterload_null  mc_w.l(handlers.o)(mc_w.l)
    0x08001974   0x0000000e   Code   RO          257    i.__scatterload_zeroinit  mc_w.l(handlers.o)(mc_w.l)
    0x08001982   0x00000014   Data   RO          181    .constdata          stm32f10x_rcc.o
    0x08001996   0x00000002   PAD
    0x08001998   0x00000020   Data   RO          253    Region$$Table       anon$$obj.o


    Execution Region RW_IRAM1 (Base: 0x20000000, Size: 0x00000410, Max: 0x00010000, ABSOLUTE)

    Base Addr    Size         Type   Attr      Idx    E Section Name        Object

    0x20000000   0x00000008   Data   RW           14    .data               main.o
    0x20000008   0x00000005   Data   RW          182    .data               stm32f10x_rcc.o
    0x2000000d   0x00000003   PAD
    0x20000010   0x00000400   Zero   RW            6    STACK               stm32f10x_vector.o


==============================================================================

Image component sizes


      Code (inc. data)   RO Data    RW Data    ZI Data      Debug   Object Name

       122          0          0          0          0          0   cortexm3_macro.o
       504         46          0          8          0          0   main.o
      1332         50          0          0          0          0   stm32f10x_flash.o
       808         16          0          0          0          0   stm32f10x_gpio.o
       204         22          0          0          0          0   stm32f10x_it.o
      1112         78          0          0          0          0   stm32f10x_nvic.o
       952         60         20          5          0          0   stm32f10x_rcc.o
       888         14          0          0          0          0   stm32f10x_usart.o
         8          4        304          0       1024          0   stm32f10x_vector.o
       208         10          0          0          0          0   uart.o

    ----------------------------------------------------------------------
      6140        300        358         16       1024          0   Object Totals
         0          0         32          0          0          0   (incl. Generated)
         2          0          2          3          0          1   (incl. Padding)

    ----------------------------------------------------------------------

      Code (inc. data)   RO Data    RW Data    ZI Data      Debug   Library Member Name

         0          0          0          0          0          0   entry.o
         8          4          0          0          0          0   entry2.o
         4          0          0          0          0          0   entry5.o
         8          4          0          0          0          0   entry7.o
        30          0          0          0          0          0   handlers.o
        36          8          0          0          0          0   init.o

    ----------------------------------------------------------------------
        86         16          0          0          0          0   Library Totals
         0          0          0          0          0          0   (incl. Padding)

    ----------------------------------------------------------------------

      Code (inc. data)   RO Data    RW Data    ZI Data      Debug   Library Name

        86         16          0          0          0         68   mc_w.l

    ----------------------------------------------------------------------
        86         16          0          0          0          0   Library Totals

    ----------------------------------------------------------------------

==============================================================================


      Code (inc. data)   RO Data    RW Data    ZI Data      Debug   

      6226        316        358         16       1024      95548   Grand Totals
      6226        316        358         16       1024      95548   ELF Image Totals
      6226        316        358         16          0          0   ROM Totals

==============================================================================

    Total RO  Size (Code + RO Data)                 6584 (   6.43kB)
    Total RW  Size (RW Data + ZI Data)              1040 (   1.02kB)
    Total ROM Size (Code + RO Data + RW Data)       6600 (   6.45kB)

==============================================================================

