<html>
<body>
<pre>
<h1>礦ision Build Log</h1>
<h2>Project:</h2>
E:\红牛开发板光盘\实验例程\整理后的程序\UART-TEST\USART.uvproj
Project File Date:  10/26/2010

<h2>Output:</h2>
Build target 'Target 1'
compiling main.c...
compiling stm32f10x_it.c...
compiling uart.c...
assembling cortexm3_macro.s...
assembling stm32f10x_vector.s...
linking...
USART.axf: Error: L6218E: Undefined symbol FLASH_PrefetchBufferCmd (referred from main.o).
USART.axf: Error: L6218E: Undefined symbol FLASH_SetLatency (referred from main.o).
USART.axf: Error: L6218E: Undefined symbol GPIO_Init (referred from main.o).
USART.axf: Error: L6218E: Undefined symbol NVIC_SetVectorTable (referred from main.o).
USART.axf: Error: L6218E: Undefined symbol RCC_APB2PeriphClockCmd (referred from main.o).
USART.axf: Error: L6218E: Undefined symbol RCC_DeInit (referred from main.o).
USART.axf: Error: L6218E: Undefined symbol RCC_GetFlagStatus (referred from main.o).
USART.axf: Error: L6218E: Undefined symbol RCC_GetSYSCLKSource (referred from main.o).
USART.axf: Error: L6218E: Undefined symbol RCC_HCLKConfig (referred from main.o).
USART.axf: Error: L6218E: Undefined symbol RCC_HSEConfig (referred from main.o).
USART.axf: Error: L6218E: Undefined symbol RCC_PCLK1Config (referred from main.o).
USART.axf: Error: L6218E: Undefined symbol RCC_PCLK2Config (referred from main.o).
USART.axf: Error: L6218E: Undefined symbol RCC_PLLCmd (referred from main.o).
USART.axf: Error: L6218E: Undefined symbol RCC_PLLConfig (referred from main.o).
USART.axf: Error: L6218E: Undefined symbol RCC_SYSCLKConfig (referred from main.o).
USART.axf: Error: L6218E: Undefined symbol RCC_WaitForHSEStartUp (referred from main.o).
USART.axf: Error: L6218E: Undefined symbol USART_GetFlagStatus (referred from main.o).
USART.axf: Error: L6218E: Undefined symbol USART_SendData (referred from main.o).
USART.axf: Error: L6218E: Undefined symbol USART_Cmd (referred from uart.o).
USART.axf: Error: L6218E: Undefined symbol USART_ITConfig (referred from uart.o).
USART.axf: Error: L6218E: Undefined symbol USART_Init (referred from uart.o).
USART.axf: Not enough information to list image symbols.
USART.axf: Not enough information to list the image map.
USART.axf: Finished: 2 information, 0 warning and 21 error messages.
Target not created
Build target 'Target 1'
compiling main.c...
compiling stm32f10x_it.c...
compiling uart.c...
assembling cortexm3_macro.s...
assembling stm32f10x_vector.s...
compiling stm32f10x_adc.c...
compiling stm32f10x_bkp.c...
compiling stm32f10x_can.c...
compiling stm32f10x_crc.c...
compiling stm32f10x_dac.c...
compiling stm32f10x_dbgmcu.c...
compiling stm32f10x_dma.c...
compiling stm32f10x_exti.c...
compiling stm32f10x_flash.c...
compiling stm32f10x_fsmc.c...
compiling stm32f10x_gpio.c...
compiling stm32f10x_i2c.c...
compiling stm32f10x_iwdg.c...
compiling stm32f10x_lib.c...
compiling stm32f10x_nvic.c...
compiling stm32f10x_pwr.c...
compiling stm32f10x_rcc.c...
compiling stm32f10x_rtc.c...
compiling stm32f10x_sdio.c...
compiling stm32f10x_spi.c...
compiling stm32f10x_systick.c...
compiling stm32f10x_tim.c...
compiling stm32f10x_usart.c...
compiling stm32f10x_wwdg.c...
linking...
Program Size: Code=6120 RO-data=356 RW-data=12 ZI-data=2148  
"USART.axf" - 0 Error(s), 0 Warning(s).
Build target 'Target 1'
compiling main.c...
compiling stm32f10x_it.c...
compiling uart.c...
assembling cortexm3_macro.s...
assembling stm32f10x_vector.s...
compiling stm32f10x_adc.c...
compiling stm32f10x_bkp.c...
compiling stm32f10x_can.c...
compiling stm32f10x_crc.c...
compiling stm32f10x_dac.c...
compiling stm32f10x_dbgmcu.c...
compiling stm32f10x_dma.c...
compiling stm32f10x_exti.c...
compiling stm32f10x_flash.c...
compiling stm32f10x_fsmc.c...
compiling stm32f10x_gpio.c...
compiling stm32f10x_i2c.c...
compiling stm32f10x_iwdg.c...
compiling stm32f10x_lib.c...
compiling stm32f10x_nvic.c...
compiling stm32f10x_pwr.c...
compiling stm32f10x_rcc.c...
compiling stm32f10x_rtc.c...
compiling stm32f10x_sdio.c...
compiling stm32f10x_spi.c...
compiling stm32f10x_systick.c...
compiling stm32f10x_tim.c...
compiling stm32f10x_usart.c...
compiling stm32f10x_wwdg.c...
linking...
Program Size: Code=6120 RO-data=356 RW-data=12 ZI-data=2148  
"USART.axf" - 0 Error(s), 0 Warning(s).
Build target 'Target 1'
compiling main.c...
compiling stm32f10x_it.c...
compiling uart.c...
assembling cortexm3_macro.s...
assembling stm32f10x_vector.s...
compiling stm32f10x_adc.c...
compiling stm32f10x_bkp.c...
compiling stm32f10x_can.c...
compiling stm32f10x_crc.c...
compiling stm32f10x_dac.c...
compiling stm32f10x_dbgmcu.c...
compiling stm32f10x_dma.c...
compiling stm32f10x_exti.c...
compiling stm32f10x_flash.c...
compiling stm32f10x_fsmc.c...
compiling stm32f10x_gpio.c...
compiling stm32f10x_i2c.c...
compiling stm32f10x_iwdg.c...
compiling stm32f10x_lib.c...
compiling stm32f10x_nvic.c...
compiling stm32f10x_pwr.c...
compiling stm32f10x_rcc.c...
compiling stm32f10x_rtc.c...
compiling stm32f10x_sdio.c...
compiling stm32f10x_spi.c...
compiling stm32f10x_systick.c...
compiling stm32f10x_tim.c...
compiling stm32f10x_usart.c...
compiling stm32f10x_wwdg.c...
linking...
Program Size: Code=6120 RO-data=356 RW-data=12 ZI-data=2148  
"USART.axf" - 0 Error(s), 0 Warning(s).
Build target 'Target 1'
compiling main.c...
compiling stm32f10x_it.c...
compiling uart.c...
assembling cortexm3_macro.s...
assembling stm32f10x_vector.s...
compiling stm32f10x_usart.c...
linking...
USART.axf: Error: L6218E: Undefined symbol FLASH_PrefetchBufferCmd (referred from main.o).
USART.axf: Error: L6218E: Undefined symbol FLASH_SetLatency (referred from main.o).
USART.axf: Error: L6218E: Undefined symbol GPIO_Init (referred from main.o).
USART.axf: Error: L6218E: Undefined symbol NVIC_SetVectorTable (referred from main.o).
USART.axf: Error: L6218E: Undefined symbol RCC_APB2PeriphClockCmd (referred from main.o).
USART.axf: Error: L6218E: Undefined symbol RCC_DeInit (referred from main.o).
USART.axf: Error: L6218E: Undefined symbol RCC_GetFlagStatus (referred from main.o).
USART.axf: Error: L6218E: Undefined symbol RCC_GetSYSCLKSource (referred from main.o).
USART.axf: Error: L6218E: Undefined symbol RCC_HCLKConfig (referred from main.o).
USART.axf: Error: L6218E: Undefined symbol RCC_HSEConfig (referred from main.o).
USART.axf: Error: L6218E: Undefined symbol RCC_PCLK1Config (referred from main.o).
USART.axf: Error: L6218E: Undefined symbol RCC_PCLK2Config (referred from main.o).
USART.axf: Error: L6218E: Undefined symbol RCC_PLLCmd (referred from main.o).
USART.axf: Error: L6218E: Undefined symbol RCC_PLLConfig (referred from main.o).
USART.axf: Error: L6218E: Undefined symbol RCC_SYSCLKConfig (referred from main.o).
USART.axf: Error: L6218E: Undefined symbol RCC_WaitForHSEStartUp (referred from main.o).
USART.axf: Error: L6218E: Undefined symbol RCC_APB1PeriphResetCmd (referred from stm32f10x_usart.o).
USART.axf: Error: L6218E: Undefined symbol RCC_APB2PeriphResetCmd (referred from stm32f10x_usart.o).
USART.axf: Error: L6218E: Undefined symbol RCC_GetClocksFreq (referred from stm32f10x_usart.o).
USART.axf: Not enough information to list image symbols.
USART.axf: Not enough information to list the image map.
USART.axf: Finished: 2 information, 0 warning and 19 error messages.
Target not created
Build target 'Target 1'
compiling main.c...
compiling stm32f10x_it.c...
compiling uart.c...
assembling cortexm3_macro.s...
assembling stm32f10x_vector.s...
compiling stm32f10x_usart.c...
compiling stm32f10x_rcc.c...
linking...
USART.axf: Error: L6218E: Undefined symbol FLASH_PrefetchBufferCmd (referred from main.o).
USART.axf: Error: L6218E: Undefined symbol FLASH_SetLatency (referred from main.o).
USART.axf: Error: L6218E: Undefined symbol GPIO_Init (referred from main.o).
USART.axf: Error: L6218E: Undefined symbol NVIC_SetVectorTable (referred from main.o).
USART.axf: Not enough information to list image symbols.
USART.axf: Not enough information to list the image map.
USART.axf: Finished: 2 information, 0 warning and 4 error messages.
Target not created
Build target 'Target 1'
compiling main.c...
compiling stm32f10x_it.c...
compiling uart.c...
assembling cortexm3_macro.s...
assembling stm32f10x_vector.s...
compiling stm32f10x_usart.c...
compiling stm32f10x_rcc.c...
compiling stm32f10x_flash.c...
linking...
USART.axf: Error: L6218E: Undefined symbol GPIO_Init (referred from main.o).
USART.axf: Error: L6218E: Undefined symbol NVIC_SetVectorTable (referred from main.o).
USART.axf: Not enough information to list image symbols.
USART.axf: Not enough information to list the image map.
USART.axf: Finished: 2 information, 0 warning and 2 error messages.
Target not created
Build target 'Target 1'
compiling main.c...
compiling stm32f10x_it.c...
compiling uart.c...
assembling cortexm3_macro.s...
assembling stm32f10x_vector.s...
compiling stm32f10x_usart.c...
compiling stm32f10x_rcc.c...
compiling stm32f10x_flash.c...
compiling stm32f10x_gpio.c...
linking...
USART.axf: Error: L6218E: Undefined symbol NVIC_SetVectorTable (referred from main.o).
USART.axf: Not enough information to list image symbols.
USART.axf: Not enough information to list the image map.
USART.axf: Finished: 2 information, 0 warning and 1 error messages.
Target not created
Build target 'Target 1'
compiling main.c...
compiling stm32f10x_it.c...
compiling uart.c...
assembling cortexm3_macro.s...
assembling stm32f10x_vector.s...
compiling stm32f10x_usart.c...
compiling stm32f10x_rcc.c...
compiling stm32f10x_flash.c...
compiling stm32f10x_gpio.c...
compiling stm32f10x_nvic.c...
linking...
Program Size: Code=6120 RO-data=356 RW-data=12 ZI-data=2148  
"USART.axf" - 0 Error(s), 0 Warning(s).
Build target 'Target 1'
compiling main.c...
compiling stm32f10x_it.c...
compiling uart.c...
assembling cortexm3_macro.s...
assembling stm32f10x_vector.s...
compiling stm32f10x_usart.c...
compiling stm32f10x_rcc.c...
compiling stm32f10x_flash.c...
compiling stm32f10x_gpio.c...
compiling stm32f10x_nvic.c...
linking...
Program Size: Code=6120 RO-data=356 RW-data=12 ZI-data=2148  
"USART.axf" - 0 Error(s), 0 Warning(s).
Build target 'Target 1'
compiling main.c...
compiling stm32f10x_it.c...
compiling uart.c...
assembling cortexm3_macro.s...
assembling stm32f10x_vector.s...
compiling stm32f10x_usart.c...
compiling stm32f10x_rcc.c...
compiling stm32f10x_flash.c...
compiling stm32f10x_gpio.c...
compiling stm32f10x_nvic.c...
linking...
Program Size: Code=6120 RO-data=356 RW-data=12 ZI-data=2148  
".\obj\USART.axf" - 0 Error(s), 0 Warning(s).
Build target 'Target 1'
compiling main.c...
compiling stm32f10x_it.c...
compiling uart.c...
assembling cortexm3_macro.s...
assembling stm32f10x_vector.s...
compiling stm32f10x_usart.c...
compiling stm32f10x_rcc.c...
compiling stm32f10x_flash.c...
compiling stm32f10x_gpio.c...
compiling stm32f10x_nvic.c...
linking...
Program Size: Code=6120 RO-data=356 RW-data=12 ZI-data=2148  
".\obj\USART.axf" - 0 Error(s), 0 Warning(s).
Build target 'Target 1'
compiling main.c...
compiling stm32f10x_it.c...
compiling uart.c...
assembling cortexm3_macro.s...
assembling stm32f10x_vector.s...
compiling stm32f10x_usart.c...
compiling stm32f10x_rcc.c...
compiling stm32f10x_flash.c...
compiling stm32f10x_gpio.c...
compiling stm32f10x_nvic.c...
linking...
Program Size: Code=6120 RO-data=356 RW-data=12 ZI-data=2148  
".\obj\USART.axf" - 0 Error(s), 0 Warning(s).
