<html>
<body>
<pre>
<h1>µVision Build Log</h1>
<h2>Project:</h2>
C:\Users\Shinda\Desktop\USART-TEST\USART.uvproj
Project File Date:  07/16/2014

<h2>Output:</h2>
Build target 'Target 1'
assembling cortexm3_macro.s...
assembling stm32f10x_vector.s...
compiling main.c...
compiling stm32f10x_it.c...
compiling uart.c...
compiling MPU6050.c...
compiling stm32f10x_usart.c...
compiling stm32f10x_rcc.c...
compiling stm32f10x_flash.c...
compiling stm32f10x_gpio.c...
compiling stm32f10x_nvic.c...
compiling stm32f10x_i2c.c...
linking...
Program Size: Code=6226 RO-data=358 RW-data=16 ZI-data=1024  
FromELF: creating hex file...
".\obj\IMU_Module.axf" - 0 Error(s), 0 Warning(s).
Build target 'Target 1'
assembling cortexm3_macro.s...
assembling stm32f10x_vector.s...
compiling main.c...
compiling stm32f10x_it.c...
Source\message.h(7): warning:  #1-D: last line of file ends without a newline
Source\message.h:   #endif      /* __MESSAGE_H */
Source\message.h:                                ^
Source\message.h: Source\stm32f10x_it.c: 1 warning, 0 errors
compiling uart.c...
compiling MPU6050.c...
compiling stm32f10x_usart.c...
compiling stm32f10x_rcc.c...
compiling stm32f10x_flash.c...
compiling stm32f10x_gpio.c...
compiling stm32f10x_nvic.c...
compiling stm32f10x_i2c.c...
linking...
Program Size: Code=6226 RO-data=358 RW-data=16 ZI-data=1024  
FromELF: creating hex file...
".\obj\IMU_Module.axf" - 0 Error(s), 1 Warning(s).
Build target 'Target 1'
assembling cortexm3_macro.s...
assembling stm32f10x_vector.s...
compiling main.c...
compiling stm32f10x_it.c...
compiling uart.c...
compiling MPU6050.c...
compiling stm32f10x_usart.c...
compiling stm32f10x_rcc.c...
compiling stm32f10x_flash.c...
compiling stm32f10x_gpio.c...
compiling stm32f10x_nvic.c...
compiling stm32f10x_i2c.c...
linking...
Program Size: Code=6226 RO-data=358 RW-data=16 ZI-data=1024  
FromELF: creating hex file...
".\obj\IMU_Module.axf" - 0 Error(s), 0 Warning(s).
Build target 'Target 1'
assembling cortexm3_macro.s...
assembling stm32f10x_vector.s...
compiling main.c...
compiling stm32f10x_it.c...
compiling uart.c...
compiling MPU6050.c...
compiling stm32f10x_usart.c...
compiling stm32f10x_rcc.c...
compiling stm32f10x_flash.c...
compiling stm32f10x_gpio.c...
compiling stm32f10x_nvic.c...
compiling stm32f10x_i2c.c...
linking...
Program Size: Code=6226 RO-data=358 RW-data=16 ZI-data=1024  
FromELF: creating hex file...
".\obj\IMU_Module.axf" - 0 Error(s), 0 Warning(s).
Build target 'Target 1'
assembling cortexm3_macro.s...
assembling stm32f10x_vector.s...
compiling main.c...
compiling stm32f10x_it.c...
Source\stm32f10x_it.c(575): warning:  #223-D: function "sprintf" declared implicitly
Source\stm32f10x_it.c:                          USART_Send_Str(USART2, sprintf("%X\n", c));
Source\stm32f10x_it.c:                                                 ^
Source\stm32f10x_it.c(575): error:  #167: argument of type "int" is incompatible with parameter of type "unsigned char *"
Source\stm32f10x_it.c:                          USART_Send_Str(USART2, sprintf("%X\n", c));
Source\stm32f10x_it.c:                                                 ^
Source\stm32f10x_it.c: Source\stm32f10x_it.c: 1 warning, 1 error
compiling uart.c...
compiling MPU6050.c...
compiling stm32f10x_usart.c...
compiling stm32f10x_rcc.c...
compiling stm32f10x_flash.c...
compiling stm32f10x_gpio.c...
compiling stm32f10x_nvic.c...
compiling stm32f10x_i2c.c...
Target not created
Build target 'Target 1'
assembling cortexm3_macro.s...
assembling stm32f10x_vector.s...
compiling main.c...
compiling stm32f10x_it.c...
Source\stm32f10x_it.c(576): error:  #167: argument of type "unsigned char" is incompatible with parameter of type "const char *restrict"
Source\stm32f10x_it.c:                          USART_Send_Str(USART2, sprintf("%X\n", c));
Source\stm32f10x_it.c:                                                                 ^
Source\stm32f10x_it.c(576): error:  #167: argument of type "int" is incompatible with parameter of type "unsigned char *"
Source\stm32f10x_it.c:                          USART_Send_Str(USART2, sprintf("%X\n", c));
Source\stm32f10x_it.c:                                                 ^
Source\stm32f10x_it.c: Source\stm32f10x_it.c: 0 warnings, 2 errors
compiling uart.c...
compiling MPU6050.c...
compiling stm32f10x_usart.c...
compiling stm32f10x_rcc.c...
compiling stm32f10x_flash.c...
compiling stm32f10x_gpio.c...
compiling stm32f10x_nvic.c...
compiling stm32f10x_i2c.c...
Target not created
Build target 'Target 1'
assembling cortexm3_macro.s...
assembling stm32f10x_vector.s...
compiling main.c...
compiling stm32f10x_it.c...
Source\stm32f10x_it.c(578): warning:  #167-D: argument of type "char *" is incompatible with parameter of type "unsigned char *"
Source\stm32f10x_it.c:                          USART_Send_Str(USART2, str);
Source\stm32f10x_it.c:                                                 ^
Source\stm32f10x_it.c: Source\stm32f10x_it.c: 1 warning, 0 errors
compiling uart.c...
compiling MPU6050.c...
compiling stm32f10x_usart.c...
compiling stm32f10x_rcc.c...
compiling stm32f10x_flash.c...
compiling stm32f10x_gpio.c...
compiling stm32f10x_nvic.c...
compiling stm32f10x_i2c.c...
linking...
Program Size: Code=7166 RO-data=358 RW-data=20 ZI-data=1028  
FromELF: creating hex file...
".\obj\IMU_Module.axf" - 0 Error(s), 1 Warning(s).
Build target 'Target 1'
assembling cortexm3_macro.s...
assembling stm32f10x_vector.s...
compiling main.c...
compiling stm32f10x_it.c...
Source\stm32f10x_it.c(52): warning:  #167-D: argument of type "char *" is incompatible with parameter of type "unsigned char *"
Source\stm32f10x_it.c:                          USART_Send_Str(USART2, str);
Source\stm32f10x_it.c:                                                 ^
Source\stm32f10x_it.c: Source\stm32f10x_it.c: 1 warning, 0 errors
compiling uart.c...
compiling MPU6050.c...
compiling stm32f10x_usart.c...
compiling stm32f10x_rcc.c...
compiling stm32f10x_flash.c...
compiling stm32f10x_gpio.c...
compiling stm32f10x_nvic.c...
compiling stm32f10x_i2c.c...
linking...
Program Size: Code=7166 RO-data=358 RW-data=20 ZI-data=1028  
FromELF: creating hex file...
".\obj\IMU_Module.axf" - 0 Error(s), 1 Warning(s).
